wiring_os.c:12:10:os_thread_create_arduino	32	static
wiring_os.c:24:10:os_thread_get_id_arduino	0	static
wiring_os.c:28:10:os_thread_terminate_arduino	0	static
wiring_os.c:32:10:os_thread_yield_arduino	0	static
wiring_os.c:36:10:os_thread_set_priority_arduino	0	static
wiring_os.c:40:5:os_thread_get_priority_arduino	8	static
wiring_os.c:44:9:os_signal_set_arduino	0	static
wiring_os.c:48:9:os_signal_clear_arduino	0	static
wiring_os.c:52:12:os_signal_wait_arduino	24	static
wiring_os.c:67:10:os_timer_create_arduino	24	static
wiring_os.c:78:10:os_timer_start_arduino	0	static
wiring_os.c:82:10:os_timer_stop_arduino	0	static
wiring_os.c:86:10:os_timer_delete_arduino	16	static
wiring_os.c:97:10:os_semaphore_create_arduino	0	static
wiring_os.c:101:9:os_semaphore_wait_arduino	8	static
wiring_os.c:109:10:os_semaphore_release_arduino	0	static
wiring_os.c:113:10:os_semaphore_delete_arduino	0	static
wiring_os.c:117:8:os_get_free_heap_size_arduino	0	static
