LCD.h:486:18:virtual void LCD::setBacklightPin(uint8_t, t_backlighPol)	0	static
LCD.h:508:18:virtual void LCD::setBacklight(uint8_t)	0	static
LCD.cpp:367:8:virtual size_t LCD::write(uint8_t)	8	static
LCD.cpp:52:1:LCD::LCD()	0	static
LCD.cpp:168:6:void LCD::clear()	8	static
LCD.cpp:79:6:virtual void LCD::begin(uint8_t, uint8_t, uint8_t)	8	static
LCD.cpp:174:6:void LCD::home()	8	static
LCD.cpp:180:6:void LCD::setCursor(uint8_t, uint8_t)	32	static
LCD.cpp:204:6:void LCD::noDisplay()	0	static
LCD.cpp:210:6:void LCD::display()	4	static
LCD.cpp:217:6:void LCD::noCursor()	0	static
LCD.cpp:222:6:void LCD::cursor()	4	static
LCD.cpp:229:6:void LCD::noBlink()	0	static
LCD.cpp:235:6:void LCD::blink()	4	static
LCD.cpp:242:6:void LCD::scrollDisplayLeft()	0	static
LCD.cpp:247:6:void LCD::scrollDisplayRight()	0	static
LCD.cpp:253:6:void LCD::leftToRight()	4	static
LCD.cpp:260:6:void LCD::rightToLeft()	0	static
LCD.cpp:267:6:void LCD::moveCursorRight()	0	static
LCD.cpp:273:6:void LCD::moveCursorLeft()	0	static
LCD.cpp:280:6:void LCD::autoscroll()	4	static
LCD.cpp:287:6:void LCD::noAutoscroll()	0	static
LCD.cpp:294:6:void LCD::createChar(uint8_t, uint8_t*)	16	static
LCD.cpp:326:6:void LCD::backlight()	0	static
LCD.cpp:333:6:void LCD::noBacklight()	0	static
LCD.cpp:340:6:void LCD::on()	8	static
LCD.cpp:348:6:void LCD::off()	8	static
LCD.cpp:356:6:void LCD::command(uint8_t)	0	static
